[2026-09-05 01:44:36] [69276] [info] Hook loaded: App\Hooks\AppHook
[2026-09-05 01:44:36] [69276] [info] Hook loaded: App\Hooks\AppHook
[2026-09-05 01:44:36] [69276] [info] Hook loaded: App\Hooks\AppHook
[2026-09-05 01:44:36] [69276] [info] Hook loaded: App\Hooks\AppHook
[2026-09-05 01:44:36] [69276] [info] Hook loaded: App\Hooks\AppHook
[2026-09-05 01:44:36] [69276] [info] Hook loaded: App\Hooks\AppHook
[2026-09-05 01:44:36] [69276] [info] Hook loaded: App\Hooks\AppHook
[2026-09-05 01:44:36] [69276] [info] Hook loaded: App\Hooks\AppHook
[2026-09-05 01:44:36] [69276] [info] Hook loaded: App\Hooks\AppHook
[2026-09-05 01:44:36] [69276] [info] Hook loaded: App\Hooks\AppHook
[2026-09-05 01:44:36] [69276] [info] Hook loaded: App\Hooks\AppHook
[2026-09-05 01:44:36] [69276] [info] Hook loaded: App\Hooks\AppHook
[2026-09-05 01:44:36] [69276] [info] Hook loaded: App\Hooks\AppHook
[2026-09-05 01:45:12] [69382] [info] Hook loaded: App\Hooks\AppHook
[2026-09-05 01:45:12] [69382] [info] Hook loaded: App\Hooks\AppHook
[2026-09-05 01:45:12] [69382] [info] Hook loaded: App\Hooks\AppHook
[2026-09-05 01:45:12] [69382] [info] Hook loaded: App\Hooks\AppHook
[2026-09-05 01:45:12] [69382] [info] Hook loaded: App\Hooks\AppHook
[2026-09-05 01:45:12] [69382] [info] Hook loaded: App\Hooks\AppHook
[2026-09-05 01:45:12] [69382] [info] Hook loaded: App\Hooks\AppHook
[2026-09-05 01:45:12] [69382] [info] Hook loaded: App\Hooks\AppHook
[2026-09-05 01:45:12] [69382] [info] Hook loaded: App\Hooks\AppHook
[2026-09-05 01:45:12] [69382] [info] Hook loaded: App\Hooks\AppHook
[2026-09-05 01:45:12] [69382] [info] Hook loaded: App\Hooks\AppHook
[2026-09-05 01:45:12] [69382] [info] Hook loaded: App\Hooks\AppHook
[2026-09-05 01:45:12] [69382] [info] Hook loaded: App\Hooks\AppHook
[2026-09-05 01:46:47] [69605] [info] Hook loaded: App\Hooks\AppHook
[2026-09-05 01:46:47] [69605] [info] Hook loaded: App\Hooks\AppHook
[2026-09-05 01:46:47] [69605] [info] Hook loaded: App\Hooks\AppHook
[2026-09-05 01:46:47] [69605] [info] Hook loaded: App\Hooks\AppHook
[2026-09-05 01:46:47] [69605] [info] Hook loaded: App\Hooks\AppHook
[2026-09-05 01:46:47] [69605] [info] Hook loaded: App\Hooks\AppHook
[2026-09-05 01:46:47] [69605] [info] Hook loaded: App\Hooks\AppHook
[2026-09-05 01:46:47] [69605] [info] Hook loaded: App\Hooks\AppHook
[2026-09-05 01:46:47] [69605] [info] Hook loaded: App\Hooks\AppHook
[2026-09-05 01:46:47] [69605] [info] Hook loaded: App\Hooks\AppHook
[2026-09-05 01:46:47] [69605] [info] Hook loaded: App\Hooks\AppHook
[2026-09-05 01:46:47] [69605] [info] Hook loaded: App\Hooks\AppHook
[2026-09-05 01:46:47] [69605] [info] Hook loaded: App\Hooks\AppHook
[2026-09-05 01:51:25] [70209] [info] Hook loaded: App\Hooks\AppHook
[2026-09-05 01:52:16] [70378] [info] Hook loaded: App\Hooks\AppHook
[2026-09-05 01:52:16] [70378] [info] Starting Sikelan framework in http mode
[2026-09-05 01:52:16] [70378] [info] AppHook: onInitialize called
[2026-09-05 01:52:16] [70378] [info] AppHook: onServerStart called
[2026-09-05 01:52:16] [70378] [info] Server starting... {"host":"127.0.0.1","port":9502}
[2026-09-05 01:52:21] [70384] [info] ExceptionDemoTask started {"should_throw":true,"message":"This task will intentionally throw an exception"}
[2026-09-05 01:52:21] [70384] [warning] ExceptionDemoTask will throw an exception {"message":"This task will intentionally throw an exception"}
[2026-09-05 01:52:21] [70384] [error] Task execution error: Intentional exception: This task will intentionally throw an exception {"task_id":0,"data":"{\"class\":\"App\\\\Tasks\\\\ExceptionDemoTask\",\"args\":{\"should_throw\":true,\"message\":\"This task will intentionally throw an exception\"}}","trace":"#0 \/Users\/wmc\/data\/trae\/project\/whale\/sikelan\/Task\/TaskManager.php(166): App\\Tasks\\ExceptionDemoTask->handle(Array)\n#1 \/Users\/wmc\/data\/trae\/project\/whale\/sikelan\/Task\/TaskManager.php(126): Sikelan\\Task\\TaskManager->executeTask(0, '{\"class\":\"App\\\\\\\\...')\n#2 [internal function]: Sikelan\\Task\\TaskManager->onTask(Object(Swoole\\Http\\Server), Object(Swoole\\Server\\Task))\n#3 \/Users\/wmc\/data\/trae\/project\/whale\/sikelan\/Server\/Server.php(313): call_user_func(Array, Object(Swoole\\Http\\Server), Object(Swoole\\Server\\Task))\n#4 {main}"}
[2026-09-05 01:52:48] [70384] [info] BackTestTask started {"args":"{\"should_throw\":true,\"message\":\"Async exception demo\"}"}
[2026-09-05 02:15:37] [72807] [info] Hook loaded: App\Hooks\AppHook
[2026-09-05 02:15:37] [72809] [info] Hook loaded: App\Hooks\AppHook
[2026-09-05 02:15:48] [72819] [info] Hook loaded: App\Hooks\AppHook
[2026-09-05 02:18:03] [72856] [info] Hook loaded: App\Hooks\AppHook
[2026-09-05 02:18:03] [72860] [info] Hook loaded: App\Hooks\AppHook
[2026-09-05 02:18:03] [72862] [info] Hook loaded: App\Hooks\AppHook
[2026-09-05 02:20:08] [72915] [info] Hook loaded: App\Hooks\AppHook
[2026-09-05 02:21:42] [72959] [info] Hook loaded: App\Hooks\AppHook
[2026-09-05 02:22:01] [72975] [info] Hook loaded: App\Hooks\AppHook
[2026-09-05 02:22:01] [72975] [info] Hook loaded: App\Hooks\AppHook
[2026-09-05 02:22:01] [72975] [info] Hook loaded: App\Hooks\AppHook
[2026-09-05 02:22:01] [72975] [info] Hook loaded: App\Hooks\AppHook
[2026-09-05 02:22:01] [72975] [info] Hook loaded: App\Hooks\AppHook
[2026-09-05 02:22:01] [72975] [info] Hook loaded: App\Hooks\AppHook
[2026-09-05 02:22:01] [72975] [info] Hook loaded: App\Hooks\AppHook
[2026-09-05 02:22:01] [72975] [info] Hook loaded: App\Hooks\AppHook
[2026-09-05 02:22:01] [72975] [info] Hook loaded: App\Hooks\AppHook
[2026-09-05 02:22:01] [72975] [info] Hook loaded: App\Hooks\AppHook
[2026-09-05 02:22:01] [72975] [info] Hook loaded: App\Hooks\AppHook
[2026-09-05 02:22:01] [72975] [info] Hook loaded: App\Hooks\AppHook
[2026-09-05 02:22:01] [72975] [info] Hook loaded: App\Hooks\AppHook
[2026-09-05 02:24:38] [73022] [info] Hook loaded: App\Hooks\AppHook
[2026-09-05 02:33:31] [73741] [info] Hook loaded: App\Hooks\AppHook
[2026-09-05 02:47:57] [75747] [info] Hook loaded: App\Hooks\AppHook
[2026-09-05 02:47:57] [75747] [info] Hook loaded: App\Hooks\AppHook
[2026-09-05 02:47:57] [75747] [info] Hook loaded: App\Hooks\AppHook
[2026-09-05 02:47:57] [75747] [info] Hook loaded: App\Hooks\AppHook
[2026-09-05 02:47:57] [75747] [info] Hook loaded: App\Hooks\AppHook
[2026-09-05 02:47:57] [75747] [info] Hook loaded: App\Hooks\AppHook
[2026-09-05 02:47:57] [75747] [info] Hook loaded: App\Hooks\AppHook
[2026-09-05 02:47:57] [75747] [info] Hook loaded: App\Hooks\AppHook
[2026-09-05 02:47:57] [75747] [info] Hook loaded: App\Hooks\AppHook
[2026-09-05 02:47:57] [75747] [info] Hook loaded: App\Hooks\AppHook
[2026-09-05 02:47:57] [75747] [info] Hook loaded: App\Hooks\AppHook
[2026-09-05 02:47:57] [75747] [info] Hook loaded: App\Hooks\AppHook
[2026-09-05 02:47:58] [75747] [info] Hook loaded: App\Hooks\AppHook
[2026-09-05 02:52:57] [76075] [info] Hook loaded: App\Hooks\AppHook
[2026-09-05 02:54:38] [76168] [info] Hook loaded: App\Hooks\AppHook
[2026-09-05 02:58:18] [76259] [info] Hook loaded: App\Hooks\AppHook
[2026-09-05 02:59:10] [76302] [info] Hook loaded: App\Hooks\AppHook
