[2026-07-17 10:01:21] [44112] [info] Starting Sikelan framework in http mode
[2026-07-17 10:01:21] [44112] [info] Server starting... {"host":"0.0.0.0","port":9502}
[2026-07-17 10:01:21] [44114] [info] Worker 20 started
[2026-07-17 10:01:21] [44116] [info] Worker 22 started
[2026-07-17 10:01:21] [44115] [info] Worker 21 started
[2026-07-17 10:01:21] [44117] [info] Worker 23 started
[2026-07-17 10:01:21] [44118] [info] Worker 24 started
[2026-07-17 10:01:21] [44119] [info] Worker 25 started
[2026-07-17 10:01:21] [44120] [info] Worker 26 started
[2026-07-17 10:01:21] [44121] [info] Worker 27 started
[2026-07-17 10:01:21] [44122] [info] Worker 28 started
[2026-07-17 10:01:21] [44123] [info] Worker 29 started
[2026-07-17 10:01:21] [44125] [info] Worker 1 started
[2026-07-17 10:01:21] [44126] [info] Worker 2 started
[2026-07-17 10:01:21] [44124] [info] Worker 0 started
[2026-07-17 10:01:21] [44124] [info] Crontab service started
[2026-07-17 10:01:21] [44127] [info] Worker 3 started
[2026-07-17 10:01:21] [44128] [info] Worker 4 started
[2026-07-17 10:01:21] [44129] [info] Worker 5 started
[2026-07-17 10:01:21] [44130] [info] Worker 6 started
[2026-07-17 10:01:21] [44131] [info] Worker 7 started
[2026-07-17 10:01:21] [44132] [info] Worker 8 started
[2026-07-17 10:01:21] [44133] [info] Worker 9 started
[2026-07-17 10:01:21] [44135] [info] Worker 11 started
[2026-07-17 10:01:21] [44136] [info] Worker 12 started
[2026-07-17 10:01:21] [44134] [info] Worker 10 started
[2026-07-17 10:01:21] [44137] [info] Worker 13 started
[2026-07-17 10:01:21] [44138] [info] Worker 14 started
[2026-07-17 10:01:21] [44140] [info] Worker 16 started
[2026-07-17 10:01:21] [44141] [info] Worker 17 started
[2026-07-17 10:01:21] [44142] [info] Worker 18 started
[2026-07-17 10:01:21] [44139] [info] Worker 15 started
[2026-07-17 10:01:21] [44143] [info] Worker 19 started
[2026-07-17 10:03:55] [44129] [debug] Request completed in 5.8779716491699ms {"method":"GET","uri":"\/"}
[2026-07-17 10:04:15] [44129] [error] Request error: Controller App\Controllers\TaskController not found {"trace":"#0 \/Users\/wmc\/data\/trae\/project\/whale\/sikelan\/Framework.php(104): Sikelan\\Framework->executeHandler('App\\\\Controllers...', Object(Sikelan\\Http\\Request), Array)\n#1 [internal function]: Sikelan\\Framework->onRequest(Object(Swoole\\Http\\Request), Object(Swoole\\Http\\Response))\n#2 \/Users\/wmc\/data\/trae\/project\/whale\/sikelan\/Server\/Server.php(74): call_user_func(Array, Object(Swoole\\Http\\Request), Object(Swoole\\Http\\Response))\n#3 {main}"}
[2026-07-17 10:04:15] [44129] [debug] Request completed in 0.50020217895508ms {"method":"GET","uri":"\/api\/task\/test-normal"}
[2026-07-17 10:05:34] [44803] [info] Starting Sikelan framework in http mode
[2026-07-17 10:05:34] [44803] [info] Server starting... {"host":"0.0.0.0","port":9502}
[2026-07-17 10:05:34] [44807] [info] Worker 20 started
[2026-07-17 10:05:34] [44808] [info] Worker 21 started
[2026-07-17 10:05:34] [44809] [info] Worker 22 started
[2026-07-17 10:05:34] [44811] [info] Worker 24 started
[2026-07-17 10:05:34] [44810] [info] Worker 23 started
[2026-07-17 10:05:34] [44812] [info] Worker 25 started
[2026-07-17 10:05:34] [44813] [info] Worker 26 started
[2026-07-17 10:05:34] [44814] [info] Worker 27 started
[2026-07-17 10:05:34] [44815] [info] Worker 28 started
[2026-07-17 10:05:34] [44816] [info] Worker 29 started
[2026-07-17 10:05:34] [44817] [info] Worker 0 started
[2026-07-17 10:05:34] [44817] [info] Crontab service started
[2026-07-17 10:05:34] [44818] [info] Worker 1 started
[2026-07-17 10:05:34] [44819] [info] Worker 2 started
[2026-07-17 10:05:34] [44821] [info] Worker 4 started
[2026-07-17 10:05:34] [44820] [info] Worker 3 started
[2026-07-17 10:05:34] [44822] [info] Worker 5 started
[2026-07-17 10:05:34] [44823] [info] Worker 6 started
[2026-07-17 10:05:34] [44824] [info] Worker 7 started
[2026-07-17 10:05:34] [44825] [info] Worker 8 started
[2026-07-17 10:05:34] [44826] [info] Worker 9 started
[2026-07-17 10:05:34] [44827] [info] Worker 10 started
[2026-07-17 10:05:34] [44828] [info] Worker 11 started
[2026-07-17 10:05:34] [44829] [info] Worker 12 started
[2026-07-17 10:05:34] [44830] [info] Worker 13 started
[2026-07-17 10:05:34] [44831] [info] Worker 14 started
[2026-07-17 10:05:34] [44833] [info] Worker 16 started
[2026-07-17 10:05:34] [44832] [info] Worker 15 started
[2026-07-17 10:05:34] [44834] [info] Worker 17 started
[2026-07-17 10:05:34] [44835] [info] Worker 18 started
[2026-07-17 10:05:34] [44836] [info] Worker 19 started
