[2026-09-02 04:58:45] [28272] [info] Hook loaded: App\Hooks\AppHook
[2026-09-02 04:58:45] [28272] [info] Starting Sikelan framework in http mode
[2026-09-02 04:58:45] [28272] [info] AppHook: onInitialize called
[2026-09-02 04:58:45] [28272] [info] AppHook: onServerStart called
[2026-09-02 04:58:45] [28272] [info] Server starting... {"host":"127.0.0.1","port":9502}
[2026-09-02 04:59:38] [28355] [info] Hook loaded: App\Hooks\AppHook
[2026-09-02 04:59:38] [28355] [info] Starting Sikelan framework in http mode
[2026-09-02 04:59:38] [28355] [info] AppHook: onInitialize called
[2026-09-02 04:59:38] [28355] [info] AppHook: onServerStart called
[2026-09-02 04:59:38] [28355] [info] Server starting... {"host":"127.0.0.1","port":9502}
[2026-09-02 07:52:06] [37358] [info] Hook loaded: App\Hooks\AppHook
[2026-09-02 07:52:06] [37358] [info] Starting Sikelan framework in http mode
[2026-09-02 07:52:06] [37358] [info] AppHook: onInitialize called
[2026-09-02 07:52:06] [37358] [info] AppHook: onServerStart called
[2026-09-02 07:52:06] [37358] [info] Server starting... {"host":"127.0.0.1","port":9502}
[2026-09-02 07:55:13] [37780] [info] Hook loaded: App\Hooks\AppHook
[2026-09-02 07:55:13] [37780] [info] Starting Sikelan framework in http mode
[2026-09-02 07:55:13] [37780] [info] AppHook: onInitialize called
[2026-09-02 07:55:13] [37780] [info] AppHook: onServerStart called
[2026-09-02 07:55:13] [37780] [info] Server starting... {"host":"127.0.0.1","port":9502}
[2026-09-02 07:55:22] [37847] [info] Hook loaded: App\Hooks\AppHook
[2026-09-02 07:55:22] [37847] [info] Starting Sikelan framework in http mode
[2026-09-02 07:55:22] [37847] [info] AppHook: onInitialize called
[2026-09-02 07:55:22] [37847] [info] AppHook: onServerStart called
[2026-09-02 07:55:22] [37847] [info] Server starting... {"host":"127.0.0.1","port":9502}
[2026-09-02 07:56:30] [37993] [info] Hook loaded: App\Hooks\AppHook
[2026-09-02 07:56:30] [37993] [info] Starting Sikelan framework in http mode
[2026-09-02 07:56:30] [37993] [info] AppHook: onInitialize called
[2026-09-02 07:56:30] [37993] [info] AppHook: onServerStart called
[2026-09-02 07:56:30] [37993] [info] Server starting... {"host":"127.0.0.1","port":9502}
[2026-09-02 07:56:55] [38034] [info] Hook loaded: App\Hooks\AppHook
[2026-09-02 07:56:55] [38034] [info] Starting Sikelan framework in http mode
[2026-09-02 07:56:55] [38034] [info] AppHook: onInitialize called
[2026-09-02 07:56:55] [38034] [info] AppHook: onServerStart called
[2026-09-02 07:56:55] [38034] [info] Server starting... {"host":"127.0.0.1","port":9502}
[2026-09-02 08:27:55] [40659] [info] Hook loaded: App\Hooks\AppHook
[2026-09-02 08:27:55] [40659] [info] Hook loaded: App\Hooks\AppHook
[2026-09-02 08:27:55] [40659] [info] Hook loaded: App\Hooks\AppHook
[2026-09-02 08:27:55] [40659] [info] Hook loaded: App\Hooks\AppHook
[2026-09-02 08:27:55] [40659] [info] Hook loaded: App\Hooks\AppHook
[2026-09-02 08:27:55] [40659] [info] Hook loaded: App\Hooks\AppHook
[2026-09-02 08:27:55] [40659] [info] Hook loaded: App\Hooks\AppHook
[2026-09-02 08:27:55] [40659] [info] Hook loaded: App\Hooks\AppHook
[2026-09-02 08:27:55] [40659] [info] Hook loaded: App\Hooks\AppHook
[2026-09-02 08:27:55] [40659] [info] Hook loaded: App\Hooks\AppHook
[2026-09-02 08:27:55] [40659] [info] Hook loaded: App\Hooks\AppHook
[2026-09-02 08:27:55] [40659] [info] Hook loaded: App\Hooks\AppHook
[2026-09-02 08:29:11] [40877] [info] Hook loaded: App\Hooks\AppHook
[2026-09-02 08:29:11] [40877] [info] Hook loaded: App\Hooks\AppHook
[2026-09-02 08:29:11] [40877] [info] Hook loaded: App\Hooks\AppHook
[2026-09-02 08:29:11] [40877] [info] Hook loaded: App\Hooks\AppHook
[2026-09-02 08:29:11] [40877] [info] Hook loaded: App\Hooks\AppHook
[2026-09-02 08:29:11] [40877] [info] Hook loaded: App\Hooks\AppHook
[2026-09-02 08:29:11] [40877] [info] Hook loaded: App\Hooks\AppHook
[2026-09-02 08:29:11] [40877] [info] Hook loaded: App\Hooks\AppHook
[2026-09-02 08:29:11] [40877] [info] Hook loaded: App\Hooks\AppHook
[2026-09-02 08:29:11] [40877] [info] Hook loaded: App\Hooks\AppHook
[2026-09-02 08:29:11] [40877] [info] Hook loaded: App\Hooks\AppHook
[2026-09-02 08:29:11] [40877] [info] Hook loaded: App\Hooks\AppHook
[2026-09-02 08:30:11] [41033] [info] Hook loaded: App\Hooks\AppHook
[2026-09-02 08:30:11] [41033] [info] Hook loaded: App\Hooks\AppHook
[2026-09-02 08:30:11] [41033] [info] Hook loaded: App\Hooks\AppHook
[2026-09-02 08:30:11] [41033] [info] Hook loaded: App\Hooks\AppHook
[2026-09-02 08:30:11] [41033] [info] Hook loaded: App\Hooks\AppHook
[2026-09-02 08:30:11] [41033] [info] Hook loaded: App\Hooks\AppHook
[2026-09-02 08:30:11] [41033] [info] Hook loaded: App\Hooks\AppHook
[2026-09-02 08:30:11] [41033] [info] Hook loaded: App\Hooks\AppHook
[2026-09-02 08:30:11] [41033] [info] Hook loaded: App\Hooks\AppHook
[2026-09-02 08:30:11] [41033] [info] Hook loaded: App\Hooks\AppHook
[2026-09-02 08:30:11] [41033] [info] Hook loaded: App\Hooks\AppHook
[2026-09-02 08:30:11] [41033] [info] Hook loaded: App\Hooks\AppHook
[2026-09-02 08:30:17] [41057] [info] Hook loaded: App\Hooks\AppHook
[2026-09-02 08:30:17] [41057] [info] Hook loaded: App\Hooks\AppHook
[2026-09-02 08:30:17] [41057] [info] Hook loaded: App\Hooks\AppHook
[2026-09-02 08:30:17] [41057] [info] Hook loaded: App\Hooks\AppHook
[2026-09-02 08:30:17] [41057] [info] Hook loaded: App\Hooks\AppHook
[2026-09-02 08:30:17] [41057] [info] Hook loaded: App\Hooks\AppHook
[2026-09-02 08:30:17] [41057] [info] Hook loaded: App\Hooks\AppHook
[2026-09-02 08:30:17] [41057] [info] Hook loaded: App\Hooks\AppHook
[2026-09-02 08:30:17] [41057] [info] Hook loaded: App\Hooks\AppHook
[2026-09-02 08:30:17] [41057] [info] Hook loaded: App\Hooks\AppHook
[2026-09-02 08:30:17] [41057] [info] Hook loaded: App\Hooks\AppHook
[2026-09-02 08:30:17] [41057] [info] Hook loaded: App\Hooks\AppHook
[2026-09-02 08:31:28] [41254] [info] Hook loaded: App\Hooks\AppHook
[2026-09-02 08:31:28] [41254] [info] Hook loaded: App\Hooks\AppHook
[2026-09-02 08:31:28] [41254] [info] Hook loaded: App\Hooks\AppHook
[2026-09-02 08:31:28] [41254] [info] Hook loaded: App\Hooks\AppHook
[2026-09-02 08:31:28] [41254] [info] Hook loaded: App\Hooks\AppHook
[2026-09-02 08:31:28] [41254] [info] Hook loaded: App\Hooks\AppHook
[2026-09-02 08:31:28] [41254] [info] Hook loaded: App\Hooks\AppHook
[2026-09-02 08:31:28] [41254] [info] Hook loaded: App\Hooks\AppHook
[2026-09-02 08:31:28] [41254] [info] Hook loaded: App\Hooks\AppHook
[2026-09-02 08:31:28] [41254] [info] Hook loaded: App\Hooks\AppHook
[2026-09-02 08:31:28] [41254] [info] Hook loaded: App\Hooks\AppHook
[2026-09-02 08:31:28] [41254] [info] Hook loaded: App\Hooks\AppHook
[2026-09-02 08:32:30] [41416] [info] Hook loaded: App\Hooks\AppHook
[2026-09-02 08:32:30] [41416] [info] Hook loaded: App\Hooks\AppHook
[2026-09-02 08:32:30] [41416] [info] Hook loaded: App\Hooks\AppHook
[2026-09-02 08:32:30] [41416] [info] Hook loaded: App\Hooks\AppHook
[2026-09-02 08:32:30] [41416] [info] Hook loaded: App\Hooks\AppHook
[2026-09-02 08:32:30] [41416] [info] Hook loaded: App\Hooks\AppHook
[2026-09-02 08:32:30] [41416] [info] Hook loaded: App\Hooks\AppHook
[2026-09-02 08:32:30] [41416] [info] Hook loaded: App\Hooks\AppHook
[2026-09-02 08:32:30] [41416] [info] Hook loaded: App\Hooks\AppHook
[2026-09-02 08:32:30] [41416] [info] Hook loaded: App\Hooks\AppHook
[2026-09-02 08:32:30] [41416] [info] Hook loaded: App\Hooks\AppHook
[2026-09-02 08:32:30] [41416] [info] Hook loaded: App\Hooks\AppHook
[2026-09-02 08:34:08] [41651] [info] Hook loaded: App\Hooks\AppHook
[2026-09-02 08:34:41] [41748] [info] Hook loaded: App\Hooks\AppHook
[2026-09-02 08:56:52] [42639] [info] Hook loaded: App\Hooks\AppHook
[2026-09-02 08:56:52] [42639] [info] Hook loaded: App\Hooks\AppHook
[2026-09-02 08:56:52] [42639] [info] Hook loaded: App\Hooks\AppHook
[2026-09-02 08:56:52] [42639] [info] Hook loaded: App\Hooks\AppHook
[2026-09-02 08:56:52] [42639] [info] Hook loaded: App\Hooks\AppHook
[2026-09-02 08:56:52] [42639] [info] Hook loaded: App\Hooks\AppHook
[2026-09-02 08:56:52] [42639] [info] Hook loaded: App\Hooks\AppHook
[2026-09-02 08:56:52] [42639] [info] Hook loaded: App\Hooks\AppHook
[2026-09-02 08:56:52] [42639] [info] Hook loaded: App\Hooks\AppHook
[2026-09-02 08:56:52] [42639] [info] Hook loaded: App\Hooks\AppHook
[2026-09-02 08:56:52] [42639] [info] Hook loaded: App\Hooks\AppHook
[2026-09-02 08:56:52] [42639] [info] Hook loaded: App\Hooks\AppHook
[2026-09-02 08:59:01] [42723] [info] Hook loaded: App\Hooks\AppHook
[2026-09-02 08:59:01] [42723] [info] Hook loaded: App\Hooks\AppHook
[2026-09-02 08:59:01] [42723] [info] Hook loaded: App\Hooks\AppHook
[2026-09-02 08:59:01] [42723] [info] Hook loaded: App\Hooks\AppHook
[2026-09-02 08:59:01] [42723] [info] Hook loaded: App\Hooks\AppHook
[2026-09-02 08:59:01] [42723] [info] Hook loaded: App\Hooks\AppHook
[2026-09-02 08:59:01] [42723] [info] Hook loaded: App\Hooks\AppHook
[2026-09-02 08:59:01] [42723] [info] Hook loaded: App\Hooks\AppHook
[2026-09-02 08:59:01] [42723] [info] Hook loaded: App\Hooks\AppHook
[2026-09-02 08:59:01] [42723] [info] Hook loaded: App\Hooks\AppHook
[2026-09-02 08:59:01] [42723] [info] Hook loaded: App\Hooks\AppHook
[2026-09-02 08:59:01] [42723] [info] Hook loaded: App\Hooks\AppHook
[2026-09-02 09:00:02] [42774] [info] Hook loaded: App\Hooks\AppHook
[2026-09-02 09:00:02] [42774] [info] Hook loaded: App\Hooks\AppHook
[2026-09-02 09:00:02] [42774] [info] Hook loaded: App\Hooks\AppHook
[2026-09-02 09:00:02] [42774] [info] Hook loaded: App\Hooks\AppHook
[2026-09-02 09:00:02] [42774] [info] Hook loaded: App\Hooks\AppHook
[2026-09-02 09:00:02] [42774] [info] Hook loaded: App\Hooks\AppHook
[2026-09-02 09:00:02] [42774] [info] Hook loaded: App\Hooks\AppHook
[2026-09-02 09:00:02] [42774] [info] Hook loaded: App\Hooks\AppHook
[2026-09-02 09:00:02] [42774] [info] Hook loaded: App\Hooks\AppHook
[2026-09-02 09:00:02] [42774] [info] Hook loaded: App\Hooks\AppHook
[2026-09-02 09:00:02] [42774] [info] Hook loaded: App\Hooks\AppHook
[2026-09-02 09:00:02] [42774] [info] Hook loaded: App\Hooks\AppHook
[2026-09-02 09:00:02] [42774] [info] Hook loaded: App\Hooks\AppHook
[2026-09-02 10:02:51] [45693] [info] Hook loaded: App\Hooks\AppHook
[2026-09-02 10:02:51] [45693] [info] Starting Sikelan framework in http mode
[2026-09-02 10:02:51] [45693] [info] AppHook: onInitialize called
[2026-09-02 10:02:51] [45693] [info] AppHook: onServerStart called
[2026-09-02 10:02:51] [45693] [info] Server starting... {"host":"127.0.0.1","port":9502}
[2026-09-02 10:03:06] [45697] [info] BackTestTask started {"args":"{\"should_throw\":true,\"message\":\"Async exception demo\"}"}
