[2026-08-31 08:31:37] [72675] [info] Hook loaded: App\Hooks\AppHook
[2026-08-31 08:31:37] [72675] [info] Hook loaded: App\Hooks\AppHook
[2026-08-31 08:31:37] [72675] [info] Hook loaded: App\Hooks\AppHook
[2026-08-31 08:31:37] [72675] [info] Hook loaded: App\Hooks\AppHook
[2026-08-31 08:31:37] [72675] [info] Hook loaded: App\Hooks\AppHook
[2026-08-31 08:31:37] [72675] [info] Hook loaded: App\Hooks\AppHook
[2026-08-31 08:31:37] [72675] [info] Hook loaded: App\Hooks\AppHook
[2026-08-31 08:31:37] [72675] [info] Hook loaded: App\Hooks\AppHook
[2026-08-31 08:31:37] [72675] [info] Hook loaded: App\Hooks\AppHook
[2026-08-31 08:31:37] [72675] [info] Hook loaded: App\Hooks\AppHook
[2026-08-31 08:31:37] [72675] [info] Hook loaded: App\Hooks\AppHook
[2026-08-31 08:31:37] [72675] [info] Hook loaded: App\Hooks\AppHook
[2026-08-31 08:37:42] [73002] [info] Hook loaded: App\Hooks\AppHook
[2026-08-31 08:37:42] [73002] [info] Hook loaded: App\Hooks\AppHook
[2026-08-31 08:37:42] [73002] [info] Hook loaded: App\Hooks\AppHook
[2026-08-31 08:37:42] [73002] [info] Hook loaded: App\Hooks\AppHook
[2026-08-31 08:37:42] [73002] [info] Hook loaded: App\Hooks\AppHook
[2026-08-31 08:37:42] [73002] [info] Hook loaded: App\Hooks\AppHook
[2026-08-31 08:37:42] [73002] [info] Hook loaded: App\Hooks\AppHook
[2026-08-31 08:37:42] [73002] [info] Hook loaded: App\Hooks\AppHook
[2026-08-31 08:37:42] [73002] [info] Hook loaded: App\Hooks\AppHook
[2026-08-31 08:37:42] [73002] [info] Hook loaded: App\Hooks\AppHook
[2026-08-31 08:37:42] [73002] [info] Hook loaded: App\Hooks\AppHook
[2026-08-31 08:37:42] [73002] [info] Hook loaded: App\Hooks\AppHook
[2026-08-31 08:38:17] [73053] [info] Hook loaded: App\Hooks\AppHook
[2026-08-31 08:38:17] [73053] [info] Starting Sikelan framework in http mode
[2026-08-31 08:38:17] [73053] [info] AppHook: onInitialize called
[2026-08-31 08:38:17] [73053] [info] AppHook: onServerStart called
[2026-08-31 08:38:17] [73053] [info] Server starting... {"host":"127.0.0.1","port":9502}
[2026-08-31 09:24:44] [74404] [info] Hook loaded: App\Hooks\AppHook
[2026-08-31 09:27:02] [74612] [info] Hook loaded: App\Hooks\AppHook
[2026-08-31 09:35:43] [75363] [info] Hook loaded: App\Hooks\AppHook
[2026-08-31 09:47:03] [75941] [info] Hook loaded: App\Hooks\AppHook
[2026-08-31 09:53:37] [76578] [info] Hook loaded: App\Hooks\AppHook
